sun.reflect.NativeMethodAccessorImpl.invoke0(Native Method)sun.reflect.NativeMethodAccessorImpl.invoke(NativeMethodAccessorImpl.java:62)sun.reflect.DelegatingMethodAccessorImpl.invoke(DelegatingMethodAccessorImpl.java:43)java.lang.reflect.Method.invoke(Method.java:498)main.Main.loadProgram(Main.java:188)main.App.launch(Main.java:208)main.Main.start(Main.java:60)com.sun.javafx.application.LauncherImpl.lambda$launchApplication1$8(LauncherImpl.java:863)com.sun.javafx.application.PlatformImpl.lambda$runAndWait$7(PlatformImpl.java:326)com.sun.javafx.application.PlatformImpl.lambda$null$5(PlatformImpl.java:295)java.security.AccessController.doPrivileged(Native Method)com.sun.javafx.application.PlatformImpl.lambda$runLater$6(PlatformImpl.java:294)com.sun.glass.ui.InvokeLaterDispatcher$Future.run(InvokeLaterDispatcher.java:95)com.sun.glass.ui.win.WinApplication._runLoop(Native Method)com.sun.glass.ui.win.WinApplication.lambda$null$4(WinApplication.java:186)java.lang.Thread.run(Thread.java:748)